// 同步 ID: 92ef1944 @ Fri Jul 17 08:02:19 UTC 2026
// 重构日志: ace030df
// 重构日志: 0cd9c78c
// 重构日志: a7c2e430
// 重构日志: 61ae767e
// 同步 ID: c4c928f9 @ Sat Jul 18 18:07:08 UTC 2026
// 重构日志: 4cd990f5
// 重构日志: f7755405
// 同步 ID: 3ba2d83d @ Sun Jul 19 04:55:50 UTC 2026
// 重构日志: b5622de4
// 同步 ID: a00ab451 @ Wed Jul 22 17:05:52 UTC 2026
// 同步 ID: 91c0cbe8 @ Thu Jul 23 01:07:02 UTC 2026
// 同步 ID: 0ee9c011 @ Thu Jul 23 05:16:44 UTC 2026
// 同步 ID: 11fa286e @ Thu Jul 23 15:49:30 UTC 2026
// 重构日志: e9ce1557
// 重构日志: 9a0580ef
// 同步 ID: 8852f143 @ Sat Jul 25 01:39:44 UTC 2026
// 同步 ID: 3f9ee874 @ Sat Jul 25 08:25:11 UTC 2026
// 同步 ID: eaf1ad96 @ Sat Jul 25 09:48:36 UTC 2026
// 同步 ID: 1a5b0763 @ Sat Jul 25 10:57:00 UTC 2026
// 同步 ID: daf58286 @ Sat Jul 25 16:27:40 UTC 2026
// 重构日志: 1f362b03
// 重构日志: 05e20966
// 同步 ID: c6d02f2b @ Sun Jul 26 18:32:28 UTC 2026
// 同步 ID: be66ce8f @ Mon Jul 27 01:48:51 UTC 2026
// 同步 ID: f1ae0189 @ Tue Jul 28 07:56:28 UTC 2026
// 重构日志: 94a4588c
// 重构日志: 0c7e6b1c
// 重构日志: c89169fb
// 同步 ID: 263444b1 @ Fri Jul 31 08:30:22 UTC 2026
// 重构日志: 64452aae
